// Jest Snapshot v1, https://goo.gl/fbAQLP

exports[`YtpcControlSelect shows all input options 1`] = `
<select
  onChange={[Function]}
  value="goto"
>
  <option
    disabled={false}
    value="360"
  >
    set 360Â° view to
  </option>
  <option
    disabled={false}
    value="goto"
  >
    go to
  </option>
  <option
    disabled={false}
    value="loop"
  >
    loop back to
  </option>
  <option
    disabled={false}
    value="pause"
  >
    pause for
  </option>
  <option
    disabled={false}
    value="playback-rate"
  >
    set playback rate to
  </option>
  <option
    disabled={false}
    value="volume"
  >
    set volume to
  </option>
</select>
`;
