// Jest Snapshot v1, https://goo.gl/fbAQLP

exports[`YtpcEntryBar renders 1`] = `
<div
  className="entry-bar"
>
  <div
    className="arrow"
  />
</div>
`;
